Archive member included because of file (symbol)

C:/Freescale/CW MCU v10.6/MCU/ARM_GCC_Support/ewl/lib/armv6-m\libc.a(puts.o)
                              ./Sources/libohiboard/source/libohiboard.o (puts)
C:/Freescale/CW MCU v10.6/MCU/ARM_GCC_Support/ewl/lib/armv6-m\libc.a(exit.o)
                              ./Project_Settings/Startup_Code/__arm_start.o (exit)
C:/Freescale/CW MCU v10.6/MCU/ARM_GCC_Support/ewl/lib/armv6-m\libc.a(memset.o)
                              ./Project_Settings/Startup_Code/__arm_start.o (memset)
C:/Freescale/CW MCU v10.6/MCU/ARM_GCC_Support/ewl/lib/armv6-m\libc.a(printformat_.o)
                              (__pformatter_)
C:/Freescale/CW MCU v10.6/MCU/ARM_GCC_Support/ewl/lib/armv6-m\libc.a(scanformat_.o)
                              (__sformatter)
C:/Freescale/CW MCU v10.6/MCU/ARM_GCC_Support/ewl/lib/armv6-m\libc.a(ctype_aeabi.o)
                              C:/Freescale/CW MCU v10.6/MCU/ARM_GCC_Support/ewl/lib/armv6-m\libc.a(scanformat_.o) (isspace)
C:/Freescale/CW MCU v10.6/MCU/ARM_GCC_Support/ewl/lib/armv6-m\libc.a(__putchar.o)
                              C:/Freescale/CW MCU v10.6/MCU/ARM_GCC_Support/ewl/lib/armv6-m\libc.a(puts.o) (__put_char)
C:/Freescale/CW MCU v10.6/MCU/ARM_GCC_Support/ewl/lib/armv6-m\libc.a(ansi_files.o)
                              C:/Freescale/CW MCU v10.6/MCU/ARM_GCC_Support/ewl/lib/armv6-m\libc.a(puts.o) (__files)
C:/Freescale/CW MCU v10.6/MCU/ARM_GCC_Support/ewl/lib/armv6-m\libc.a(fflush.o)
                              C:/Freescale/CW MCU v10.6/MCU/ARM_GCC_Support/ewl/lib/armv6-m\libc.a(ansi_files.o) (fflush)
C:/Freescale/CW MCU v10.6/MCU/ARM_GCC_Support/ewl/lib/armv6-m\libc.a(__strtoul.o)
                              C:/Freescale/CW MCU v10.6/MCU/ARM_GCC_Support/ewl/lib/armv6-m\libc.a(scanformat_.o) (__strtoul)
C:/Freescale/CW MCU v10.6/MCU/ARM_GCC_Support/ewl/lib/armv6-m\libc.a(__filll_mem.o)
                              C:/Freescale/CW MCU v10.6/MCU/ARM_GCC_Support/ewl/lib/armv6-m\libc.a(memset.o) (__fill_mem)
C:/Freescale/CW MCU v10.6/MCU/ARM_GCC_Support/ewl/lib/armv6-m\libc.a(memchr.o)
                              C:/Freescale/CW MCU v10.6/MCU/ARM_GCC_Support/ewl/lib/armv6-m\libc.a(printformat_.o) (memchr)
C:/Freescale/CW MCU v10.6/MCU/ARM_GCC_Support/ewl/lib/armv6-m\libc.a(memcpy.o)
                              C:/Freescale/CW MCU v10.6/MCU/ARM_GCC_Support/ewl/lib/armv6-m\libc.a(scanformat_.o) (memcpy)
C:/Freescale/CW MCU v10.6/MCU/ARM_GCC_Support/ewl/lib/armv6-m\libc.a(strchr.o)
                              C:/Freescale/CW MCU v10.6/MCU/ARM_GCC_Support/ewl/lib/armv6-m\libc.a(printformat_.o) (strchr)
C:/Freescale/CW MCU v10.6/MCU/ARM_GCC_Support/ewl/lib/armv6-m\libc.a(strlen.o)
                              C:/Freescale/CW MCU v10.6/MCU/ARM_GCC_Support/ewl/lib/armv6-m\libc.a(printformat_.o) (strlen)
C:/Freescale/CW MCU v10.6/MCU/ARM_GCC_Support/ewl/lib/armv6-m\libc.a(__buffer_io.o)
                              C:/Freescale/CW MCU v10.6/MCU/ARM_GCC_Support/ewl/lib/armv6-m\libc.a(__putchar.o) (__prep_buffer)
c:/freescale/cw mcu v10.6/cross_tools/arm-none-eabi-gcc-4_7_3/bin/../lib/gcc/arm-none-eabi/4.7.3/armv6-m\libgcc.a(_thumb1_case_sqi.o)
                              C:/Freescale/CW MCU v10.6/MCU/ARM_GCC_Support/ewl/lib/armv6-m\libc.a(__strtoul.o) (__gnu_thumb1_case_sqi)
c:/freescale/cw mcu v10.6/cross_tools/arm-none-eabi-gcc-4_7_3/bin/../lib/gcc/arm-none-eabi/4.7.3/armv6-m\libgcc.a(_thumb1_case_uqi.o)
                              C:/Freescale/CW MCU v10.6/MCU/ARM_GCC_Support/ewl/lib/armv6-m\libc.a(scanformat_.o) (__gnu_thumb1_case_uqi)
c:/freescale/cw mcu v10.6/cross_tools/arm-none-eabi-gcc-4_7_3/bin/../lib/gcc/arm-none-eabi/4.7.3/armv6-m\libgcc.a(_udivsi3.o)
                              ./Sources/libohiboard/source/utility.o (__aeabi_uidiv)
c:/freescale/cw mcu v10.6/cross_tools/arm-none-eabi-gcc-4_7_3/bin/../lib/gcc/arm-none-eabi/4.7.3/armv6-m\libgcc.a(_divsi3.o)
                              ./Sources/libohiboard/source/utility.o (__aeabi_idiv)
c:/freescale/cw mcu v10.6/cross_tools/arm-none-eabi-gcc-4_7_3/bin/../lib/gcc/arm-none-eabi/4.7.3/armv6-m\libgcc.a(_dvmd_tls.o)
                              c:/freescale/cw mcu v10.6/cross_tools/arm-none-eabi-gcc-4_7_3/bin/../lib/gcc/arm-none-eabi/4.7.3/armv6-m\libgcc.a(_udivsi3.o) (__aeabi_idiv0)
c:/freescale/cw mcu v10.6/cross_tools/arm-none-eabi-gcc-4_7_3/bin/../lib/gcc/arm-none-eabi/4.7.3/armv6-m\libgcc.a(_arm_cmpsf2.o)
                              ./Sources/libohiboard/source/utility.o (__aeabi_fcmplt)
c:/freescale/cw mcu v10.6/cross_tools/arm-none-eabi-gcc-4_7_3/bin/../lib/gcc/arm-none-eabi/4.7.3/armv6-m\libgcc.a(_fixunssfsi.o)
                              ./Sources/libohiboard/source/utility.o (__aeabi_f2uiz)
c:/freescale/cw mcu v10.6/cross_tools/arm-none-eabi-gcc-4_7_3/bin/../lib/gcc/arm-none-eabi/4.7.3/armv6-m\libgcc.a(_fixunsdfsi.o)
                              ./Sources/libohigrove/led.o (__aeabi_d2uiz)
[...]
Memory Configuration

Name             Origin             Length             Attributes
m_interrupts     0x00000000         0x000000c0         xr
m_cfmprotrom     0x00000400         0x00000010         xr
m_text           0x00000800         0x0001f800         xr
m_data           0x1ffff000         0x00004000         xrw
*default*        0x00000000         0xffffffff

Linker script and memory map

LOAD ./Project_Settings/Startup_Code/kinetis_sysinit.o
LOAD ./Project_Settings/Startup_Code/__arm_start.o
LOAD ./Project_Settings/Startup_Code/__arm_end.o
LOAD ./Sources/libohiboard/source/utility.o
LOAD ./Sources/libohiboard/source/uart.o
LOAD ./Sources/libohiboard/source/timeday.o
LOAD ./Sources/libohiboard/source/system.o
LOAD ./Sources/libohiboard/source/spi.o
LOAD ./Sources/libohiboard/source/rtc.o
LOAD ./Sources/libohiboard/source/libohiboard.o
LOAD ./Sources/libohiboard/source/interrupt.o
LOAD ./Sources/libohiboard/source/i2cbis.o
LOAD ./Sources/libohiboard/source/i2c.o
LOAD ./Sources/libohiboard/source/gpio.o
LOAD ./Sources/libohiboard/source/ftm.o
LOAD ./Sources/libohiboard/source/errors.o
LOAD ./Sources/libohiboard/source/clock.o
LOAD ./Sources/libohiboard/source/adc.o
LOAD ./Sources/libohigrove/relay.o
LOAD ./Sources/libohigrove/ohigrove.o
LOAD ./Sources/libohigrove/led.o
LOAD ./Sources/libohigrove/digital-out.o
LOAD ./Sources/libohigrove/digital-gyro.o
LOAD ./Sources/libohigrove/buzzer.o
LOAD ./Sources/libohigrove/button.o
LOAD ./Sources/libohigrove/analog-in.o
LOAD ./Sources/sht21.o
LOAD ./Sources/sa_mtb.o
LOAD ./Sources/main.o
                0x0000398c                __pformatter = __pformatter_
                [0x00003db4]                __sformatter = __sformatter
START GROUP
LOAD C:/Freescale/CW MCU v10.6/MCU/ARM_GCC_Support/ewl/lib/armv6-m\libc.a
LOAD C:/Freescale/CW MCU v10.6/MCU/ARM_GCC_Support/ewl/lib/armv6-m\libm.a
LOAD c:/freescale/cw mcu v10.6/cross_tools/arm-none-eabi-gcc-4_7_3/bin/../lib/gcc/arm-none-eabi/4.7.3/armv6-m\libgcc.a
LOAD C:/Freescale/CW MCU v10.6/MCU/ARM_GCC_Support/ewl/lib/armv6-m\librt.a
LOAD C:/Freescale/CW MCU v10.6/MCU/ARM_GCC_Support/ewl/lib/armv6-m\libuart.a
END GROUP
                0x20003000                _estack = 0x20003000
                0x20003000                __SP_INIT = _estack
                0x00000400                __heap_size = 0x400
                0x00000400                __stack_size = 0x400

.interrupts     0x00000000       0xc0
                0x00000000                __vector_table = .
                0x00000000                . = ALIGN (0x4)
 *(.vectortable)
 .vectortable   0x00000000       0xc0 ./Project_Settings/Startup_Code/kinetis_sysinit.o
                0x00000000                InterruptVector
                0x000000c0                . = ALIGN (0x4)

.cfmprotect     0x00000400        0x0
                0x00000400                . = ALIGN (0x4)
 *(.cfmconfig)
                0x00000400                . = ALIGN (0x4)

.text           0x00000800     0x4320
                0x00000800                . = ALIGN (0x4)
 *(.text)
 .text          0x00000800       0x14 c:/freescale/cw mcu v10.6/cross_tools/arm-none-eabi-gcc-4_7_3/bin/../lib/gcc/arm-none-eabi/4.7.3/armv6-m\libgcc.a(_thumb1_case_sqi.o)
                0x00000800                __gnu_thumb1_case_sqi
 .text          0x00000814       0x14 c:/freescale/cw mcu v10.6/cross_tools/arm-none-eabi-gcc-4_7_3/bin/../lib/gcc/arm-none-eabi/4.7.3/armv6-m\libgcc.a(_thumb1_case_uqi.o)
                0x00000814                __gnu_thumb1_case_uqi
 .text          0x00000828       0x9c c:/freescale/cw mcu v10.6/cross_tools/arm-none-eabi-gcc-4_7_3/bin/../lib/gcc/arm-none-eabi/4.7.3/armv6-m\libgcc.a(_udivsi3.o)
                0x00000828                __aeabi_uidiv
                0x00000828                __udivsi3
                0x000008b0                __aeabi_uidivmod
 .text          0x000008c4       0xc0 c:/freescale/cw mcu v10.6/cross_tools/arm-none-eabi-gcc-4_7_3/bin/../lib/gcc/arm-none-eabi/4.7.3/armv6-m\libgcc.a(_divsi3.o)
                0x000008c4                __divsi3
                0x000008c4                __aeabi_idiv
                0x00000970                __aeabi_idivmod
 .text          0x00000984        0x4 c:/freescale/cw mcu v10.6/cross_tools/arm-none-eabi-gcc-4_7_3/bin/../lib/gcc/arm-none-eabi/4.7.3/armv6-m\libgcc.a(_dvmd_tls.o)
                0x00000984                __aeabi_idiv0
                0x00000984                __aeabi_ldiv0
 .text          0x00000988      0x3a4 c:/freescale/cw mcu v10.6/cross_tools/arm-none-eabi-gcc-4_7_3/bin/../lib/gcc/arm-none-eabi/4.7.3/armv6-m\libgcc.a(addsf3.o)
                0x00000988                __aeabi_fadd
 .text          0x00000d2c      0x274 c:/freescale/cw mcu v10.6/cross_tools/arm-none-eabi-gcc-4_7_3/bin/../lib/gcc/arm-none-eabi/4.7.3/armv6-m\libgcc.a(divsf3.o)
                0x00000d2c                __aeabi_fdiv
 .text          0x00000fa0       0xa8 c:/freescale/cw mcu v10.6/cross_tools/arm-none-eabi-gcc-4_7_3/bin/../lib/gcc/arm-none-eabi/4.7.3/armv6-m\libgcc.a(floatsisf.o)
                0x00000fa0                __aeabi_i2f
 .text          0x00001048      0x5b8 c:/freescale/cw mcu v10.6/cross_tools/arm-none-eabi-gcc-4_7_3/bin/../lib/gcc/arm-none-eabi/4.7.3/armv6-m\libgcc.a(divdf3.o)
                0x00001048                __aeabi_ddiv
 .text          0x00001600       0x74 c:/freescale/cw mcu v10.6/cross_tools/arm-none-eabi-gcc-4_7_3/bin/../lib/gcc/arm-none-eabi/4.7.3/armv6-m\libgcc.a(floatsidf.o)
                0x00001600                __aeabi_i2d
 .text          0x00001674      0x134 c:/freescale/cw mcu v10.6/cross_tools/arm-none-eabi-gcc-4_7_3/bin/../lib/gcc/arm-none-eabi/4.7.3/armv6-m\libgcc.a(truncdfsf2.o)
                0x00001674                __aeabi_d2f
 .text          0x000017a8       0x3c c:/freescale/cw mcu v10.6/cross_tools/arm-none-eabi-gcc-4_7_3/bin/../lib/gcc/arm-none-eabi/4.7.3/armv6-m\libgcc.a(_clzsi2.o)
                0x000017a8                __clzsi2
 *(.text*)
 .text.Default_Handler
                0x000017e4        0xc ./Project_Settings/Startup_Code/kinetis_sysinit.o
                0x000017e4                RTC_Alarm_IRQHandler
                0x000017e4                I2C0_IRQHandler
                0x000017e4                HardFault_Handler
                0x000017e4                SysTick_Handler
                0x000017e4                PendSV_Handler
                0x000017e4                NMI_Handler
                0x000017e4                I2C1_IRQHandler
                0x000017e4                UART1_IRQHandler
                0x000017e4                DMA2_IRQHandler
                0x000017e4                TSI0_IRQHandler
                0x000017e4                UART0_IRQHandler
                0x000017e4                ADC0_IRQHandler
                0x000017e4                SPI1_IRQHandler
                0x000017e4                PORTD_IRQHandler
                0x000017e4                LPTimer_IRQHandler
                0x000017e4                FTM1_IRQHandler
                0x000017e4                RTC_Seconds_IRQHandler
                0x000017e4                MCG_IRQHandler
                0x000017e4                UART2_IRQHandler
                0x000017e4                Default_Handler
                0x000017e4                LLW_IRQHandler
                0x000017e4                PIT_IRQHandler
                0x000017e4                SVC_Handler
                0x000017e4                USBOTG_IRQHandler
                0x000017e4                DMA3_IRQHandler
                0x000017e4                DMA0_IRQHandler
                0x000017e4                DAC0_IRQHandler
                0x000017e4                PMC_IRQHandler
                0x000017e4                SPI0_IRQHandler
                0x000017e4                FTM0_IRQHandler
                0x000017e4                PORTA_IRQHandler
                0x000017e4                MCM_IRQHandler
                0x000017e4                FTFL_IRQHandler
                0x000017e4                FTM2_IRQHandler
                0x000017e4                CMP0_IRQHandler
                0x000017e4                DMA1_IRQHandler
 .text.__init_hardware
                0x000017f0       0x2c ./Project_Settings/Startup_Code/kinetis_sysinit.o
                0x000017f0                __init_hardware
 .text.zero_fill_bss
                0x0000181c       0x24 ./Project_Settings/Startup_Code/__arm_start.o
 .text.__thumb_startup
                0x00001840       0x30 ./Project_Settings/Startup_Code/__arm_start.o
                0x00001840                __thumb_startup
 .text._ExitProcess
                0x00001870        0xc ./Project_Settings/Startup_Code/__arm_end.o
                0x00001870                _ExitProcess
 .text.System_initClock
                0x0000187c       0xb0 ./Sources/libohiboard/source/system.o
                0x0000187c                System_initClock
 .text.Interrupt_enable
                0x0000192c       0x54 ./Sources/libohiboard/source/interrupt.o
                0x0000192c                Interrupt_enable
 .text.Iic_init
                0x00001980       0x7c ./Sources/libohiboard/source/i2cbis.o
                0x00001980                Iic_init
 .text.Iic_enableSdaPin
                0x000019fc       0x8c ./Sources/libohiboard/source/i2cbis.o
                0x000019fc                Iic_enableSdaPin
 .text.Iic_enableSclPin
                0x00001a88       0x8c ./Sources/libohiboard/source/i2cbis.o
                0x00001a88                Iic_enableSclPin
 .text.Iic_setBaudRate
                0x00001b14      0x188 ./Sources/libohiboard/source/i2cbis.o
                0x00001b14                Iic_setBaudRate
 .text.Iic_start
                0x00001c9c       0x68 ./Sources/libohiboard/source/i2cbis.o
                0x00001c9c                Iic_start
 .text.Iic_stop
                0x00001d04       0x64 ./Sources/libohiboard/source/i2cbis.o
                0x00001d04                Iic_stop
 .text.Iic_waitTxTransfer
                0x00001d68       0xe8 ./Sources/libohiboard/source/i2cbis.o
 .text.Iic_waitRxTransfer
                0x00001e50       0x80 ./Sources/libohiboard/source/i2cbis.o
 .text.Iic_sendNack
                0x00001ed0       0x24 ./Sources/libohiboard/source/i2cbis.o
                0x00001ed0                Iic_sendNack
 .text.Iic_sendAck
                0x00001ef4       0x24 ./Sources/libohiboard/source/i2cbis.o
                0x00001ef4                Iic_sendAck
 .text.Iic_writeBytes
                0x00001f18       0xdc ./Sources/libohiboard/source/i2cbis.o
                0x00001f18                Iic_writeBytes
 .text.Iic_readBytes
                0x00001ff4      0x128 ./Sources/libohiboard/source/i2cbis.o
                0x00001ff4                Iic_readBytes
 .text.Gpio_config
                0x0000211c      0x1ec ./Sources/libohiboard/source/gpio.o
                0x0000211c                Gpio_config
 .text.Ftm_callbackInterrupt
                0x00002308       0x58 ./Sources/libohiboard/source/ftm.o
 .text.Ftm_isrFtm0
                0x00002360       0x18 ./Sources/libohiboard/source/ftm.o
                0x00002360                Ftm_isrFtm0
 .text.Ftm_isrFtm1
                0x00002378       0x18 ./Sources/libohiboard/source/ftm.o
                0x00002378                Ftm_isrFtm1
 .text.Ftm_isrFtm2
                0x00002390       0x18 ./Sources/libohiboard/source/ftm.o
                0x00002390                Ftm_isrFtm2
 .text.Ftm_computeFrequencyPrescale
                0x000023a8       0x90 ./Sources/libohiboard/source/ftm.o
 .text.Ftm_computeModulo
                0x00002438       0xf8 ./Sources/libohiboard/source/ftm.o
 .text.Ftm_computeDutyValue
                0x00002530       0x48 ./Sources/libohiboard/source/ftm.o
 .text.Ftm_setPwm
                0x00002578       0xa4 ./Sources/libohiboard/source/ftm.o
                0x00002578                Ftm_setPwm
 .text.Ftm_init
                0x0000261c      0x218 ./Sources/libohiboard/source/ftm.o
                0x0000261c                Ftm_init
 .text.Ftm_addPwmPin
                0x00002834      0x184 ./Sources/libohiboard/source/ftm.o
                0x00002834                Ftm_addPwmPin
 .text.Errors_assert
                0x000029b8       0x10 ./Sources/libohiboard/source/errors.o
                0x000029b8                Errors_assert
 .text.Clock_getFrequency
                0x000029c8       0x1c ./Sources/libohiboard/source/clock.o
                0x000029c8                Clock_getFrequency
 .text.Adc_init
                0x000029e4       0xd4 ./Sources/libohiboard/source/adc.o
                0x000029e4                Adc_init
 .text.Adc_enablePin
                0x00002ab8       0x78 ./Sources/libohiboard/source/adc.o
                0x00002ab8                Adc_enablePin
 .text.Adc_setResolution
                0x00002b30       0x20 ./Sources/libohiboard/source/adc.o
                0x00002b30                Adc_setResolution
 .text.Adc_setAverage
                0x00002b50       0x20 ./Sources/libohiboard/source/adc.o
                0x00002b50                Adc_setAverage
 .text.OhiGrove_baseTimerInterrupt
                0x00002b70       0x18 ./Sources/libohigrove/ohigrove.o
 .text.OhiGrove_delay
                0x00002b88       0x28 ./Sources/libohigrove/ohigrove.o
                0x00002b88                OhiGrove_delay
 .text.OhiGrove_initBoard
                0x00002bb0       0xc0 ./Sources/libohigrove/ohigrove.o
                0x00002bb0                OhiGrove_initBoard
 .text.OhiGrove_enableConnector
                0x00002c70      0x490 ./Sources/libohigrove/ohigrove.o
                0x00002c70                OhiGrove_enableConnector
 .text.OhiGroveDigitalGyro_init
                0x00003100       0xb0 ./Sources/libohigrove/digital-gyro.o
                0x00003100                OhiGroveDigitalGyro_init
 .text.OhiGroveDigitalGyro_read
                0x000031b0       0x90 ./Sources/libohigrove/digital-gyro.o
                0x000031b0                OhiGroveDigitalGyro_read
 .text.OhiGroveDigitalGyro_write
                0x00003240       0x50 ./Sources/libohigrove/digital-gyro.o
                0x00003240                OhiGroveDigitalGyro_write
 .text.OhiGroveDigitalGyro_getTemp
                0x00003290       0x98 ./Sources/libohigrove/digital-gyro.o
                0x00003290                OhiGroveDigitalGyro_getTemp
 .text.OhiGroveDigitalGyro_getXYZ
                0x00003328      0x140 ./Sources/libohigrove/digital-gyro.o
                0x00003328                OhiGroveDigitalGyro_getXYZ
 .text.OhiGroveDigitalGyro_zeroCalibrate
                0x00003468      0x180 ./Sources/libohigrove/digital-gyro.o
                0x00003468                OhiGroveDigitalGyro_zeroCalibrate
 .text.OhiGroveDigitalGyro_getAngularVelocity
                0x000035e8       0xc0 ./Sources/libohigrove/digital-gyro.o
                0x000035e8                OhiGroveDigitalGyro_getAngularVelocity
 .text.main     0x000036a8      0x104 ./Sources/main.o
                0x000036a8                main
 .text.exit     0x000037ac       0x38 C:/Freescale/CW MCU v10.6/MCU/ARM_GCC_Support/ewl/lib/armv6-m\libc.a(exit.o)
                0x000037ac                exit
 .text.memset   0x000037e4        0xc C:/Freescale/CW MCU v10.6/MCU/ARM_GCC_Support/ewl/lib/armv6-m\libc.a(memset.o)
                0x000037e4                memset
 .text.long2str.isra.0
                0x000037f0      0x19c C:/Freescale/CW MCU v10.6/MCU/ARM_GCC_Support/ewl/lib/armv6-m\libc.a(printformat_.o)
 .text.__pformatter_
                0x0000398c      0x428 C:/Freescale/CW MCU v10.6/MCU/ARM_GCC_Support/ewl/lib/armv6-m\libc.a(printformat_.o)
                0x0000398c                __pformatter_
 .text.__sformatter
                0x00003db4      0x698 C:/Freescale/CW MCU v10.6/MCU/ARM_GCC_Support/ewl/lib/armv6-m\libc.a(scanformat_.o)
                0x00003db4                __sformatter
 .text.isalpha  0x0000444c       0x20 C:/Freescale/CW MCU v10.6/MCU/ARM_GCC_Support/ewl/lib/armv6-m\libc.a(ctype_aeabi.o)
                0x0000444c                isalpha
 .text.isspace  0x0000446c       0x20 C:/Freescale/CW MCU v10.6/MCU/ARM_GCC_Support/ewl/lib/armv6-m\libc.a(ctype_aeabi.o)
                0x0000446c                isspace
 .text.toupper  0x0000448c        0xe C:/Freescale/CW MCU v10.6/MCU/ARM_GCC_Support/ewl/lib/armv6-m\libc.a(ctype_aeabi.o)
                0x0000448c                toupper
 .text.__strtoul
                0x0000449a      0x1ce C:/Freescale/CW MCU v10.6/MCU/ARM_GCC_Support/ewl/lib/armv6-m\libc.a(__strtoul.o)
                0x0000449a                __strtoul
 .text.__fill_mem
                0x00004668       0x7e C:/Freescale/CW MCU v10.6/MCU/ARM_GCC_Support/ewl/lib/armv6-m\libc.a(__filll_mem.o)
                0x00004668                __fill_mem
 .text.memchr   0x000046e6       0x1a C:/Freescale/CW MCU v10.6/MCU/ARM_GCC_Support/ewl/lib/armv6-m\libc.a(memchr.o)
                0x000046e6                memchr
 .text.memcpy   0x00004700       0x12 C:/Freescale/CW MCU v10.6/MCU/ARM_GCC_Support/ewl/lib/armv6-m\libc.a(memcpy.o)
                0x00004700                memcpy
 .text.strchr   0x00004712       0x1e C:/Freescale/CW MCU v10.6/MCU/ARM_GCC_Support/ewl/lib/armv6-m\libc.a(strchr.o)
                0x00004712                strchr
 .text.strlen   0x00004730       0x10 C:/Freescale/CW MCU v10.6/MCU/ARM_GCC_Support/ewl/lib/armv6-m\libc.a(strlen.o)
                0x00004730                strlen
 .text.__init_cpp
                0x00004740       0x48 C:/Freescale/CW MCU v10.6/MCU/ARM_GCC_Support/ewl/lib/armv6-m\librt.a(gcc_ctor_dtor.o)
                0x00004740                __init_cpp
 .text.__fini_cpp
                0x00004788       0x34 C:/Freescale/CW MCU v10.6/MCU/ARM_GCC_Support/ewl/lib/armv6-m\librt.a(gcc_ctor_dtor.o)
                0x00004788                __fini_cpp
 .text.__copy_rom_section
                0x000047bc       0x48 C:/Freescale/CW MCU v10.6/MCU/ARM_GCC_Support/ewl/lib/armv6-m\librt.a(ROMCopy.o)
                0x000047bc                __copy_rom_section
 .text.__copy_rom_sections_to_ram
                0x00004804       0x34 C:/Freescale/CW MCU v10.6/MCU/ARM_GCC_Support/ewl/lib/armv6-m\librt.a(ROMCopy.o)
                0x00004804                __copy_rom_sections_to_ram
 .text.__destroy_global_chain
                0x00004838       0x1c C:/Freescale/CW MCU v10.6/MCU/ARM_GCC_Support/ewl/lib/armv6-m\librt.a(__arm_eabi_init.o)
                0x00004838                __destroy_global_chain
 .text.__init_registers
                0x00004854       0x1c C:/Freescale/CW MCU v10.6/MCU/ARM_GCC_Support/ewl/lib/armv6-m\librt.a(__arm_eabi_init.o)
                0x00004854                __init_registers
 .text.__init_user
                0x00004870        0x4 C:/Freescale/CW MCU v10.6/MCU/ARM_GCC_Support/ewl/lib/armv6-m\librt.a(__arm_eabi_init.o)
                0x00004870                __init_user
 *(.rodata)
 .rodata        0x00004874       0x28 ./Sources/libohiboard/source/gpio.o
 .rodata        0x0000489c       0x24 ./Sources/libohiboard/source/ftm.o
 .rodata        0x000048c0       0x40 c:/freescale/cw mcu v10.6/cross_tools/arm-none-eabi-gcc-4_7_3/bin/../lib/gcc/arm-none-eabi/4.7.3/armv6-m\libgcc.a(divsf3.o)
 .rodata        0x00004900       0x40 c:/freescale/cw mcu v10.6/cross_tools/arm-none-eabi-gcc-4_7_3/bin/../lib/gcc/arm-none-eabi/4.7.3/armv6-m\libgcc.a(divdf3.o)
 *(.rodata*)
 .rodata.Gpio_config
                0x00004940       0x14 ./Sources/libohiboard/source/gpio.o
 .rodata.Ftm_callbackInterrupt
                0x00004954       0x14 ./Sources/libohiboard/source/ftm.o
 .rodata.Ftm_computeModulo
                0x00004968       0x20 ./Sources/libohiboard/source/ftm.o
 .rodata.Ftm_setPwm
                0x00004988       0x18 ./Sources/libohiboard/source/ftm.o
 .rodata.Ftm_init
                0x000049a0       0x14 ./Sources/libohiboard/source/ftm.o
 .rodata.Ftm_addPwmPin
                0x000049b4       0x18 ./Sources/libohiboard/source/ftm.o
 .rodata.Adc_init
                0x000049cc       0x14 ./Sources/libohiboard/source/adc.o
 .rodata.OhiGrove_enableConnector
                0x000049e0       0x34 ./Sources/libohigrove/ohigrove.o
 .rodata.str1.1
                0x00004a14        0x1 C:/Freescale/CW MCU v10.6/MCU/ARM_GCC_Support/ewl/lib/armv6-m\libc.a(printformat_.o)
 .rodata.CSWTCH.20
                0x00004a15        0x5 C:/Freescale/CW MCU v10.6/MCU/ARM_GCC_Support/ewl/lib/armv6-m\libc.a(printformat_.o)
 .rodata.CSWTCH.21
                0x00004a1a        0x5 C:/Freescale/CW MCU v10.6/MCU/ARM_GCC_Support/ewl/lib/armv6-m\libc.a(printformat_.o)
 .rodata.__aeabi_ctype_table_C
                0x00004a1f      0x101 C:/Freescale/CW MCU v10.6/MCU/ARM_GCC_Support/ewl/lib/armv6-m\libc.a(ctype_aeabi.o)
                0x00004a1f                __aeabi_ctype_table_C
 *(.glue_7)
 .glue_7        0x00000000        0x0 linker stubs
 *(.glue_7t)
 .glue_7t       0x00000000        0x0 linker stubs
 *(.eh_frame)
 *(.init)
 *(.fini)
                0x00004b20                . = ALIGN (0x4)
                0x00004b20                _etext = .

.vfp11_veneer   0x00004b20        0x0
 .vfp11_veneer  0x00000000        0x0 linker stubs

.v4_bx          0x00004b20        0x0
 .v4_bx         0x00000000        0x0 linker stubs

.iplt           0x00004b20        0x0
 .iplt          0x00000000        0x0 ./Project_Settings/Startup_Code/kinetis_sysinit.o

.rel.dyn        0x00004b20        0x0
 .rel.iplt      0x00000000        0x0 ./Project_Settings/Startup_Code/kinetis_sysinit.o

.ARM.extab
 *(.ARM.extab* .gnu.linkonce.armextab.*)

.ARM            0x00004b20        0x0
                0x00004b20                __exidx_start = .
 *(.ARM.exidx*)
                0x00004b20                __exidx_end = .

.ctors          0x00004b20        0x0
                0x00004b20                __CTOR_LIST__ = .
 *crtbegin.o(.ctors)
 *(EXCLUDE_FILE(*crtend.o) .ctors)
 *(SORT(.ctors.*))
 *(.ctors)
                0x00004b20                __CTOR_END__ = .

.dtors          0x00004b20        0x0
                0x00004b20                __DTOR_LIST__ = .
 *crtbegin.o(.dtors)
 *(EXCLUDE_FILE(*crtend.o) .dtors)
 *(SORT(.dtors.*))
 *(.dtors)
                0x00004b20                __DTOR_END__ = .

.preinit_array  0x00004b20        0x0
                0x00004b20                PROVIDE (__preinit_array_start, .)
 *(.preinit_array*)
                0x00004b20                PROVIDE (__preinit_array_end, .)

.init_array     0x00004b20        0x0
                0x00004b20                PROVIDE (__init_array_start, .)
 *(SORT(.init_array.*))
 *(.init_array*)
                0x00004b20                PROVIDE (__init_array_end, .)

.fini_array     0x00004b20        0x0
                0x00004b20                PROVIDE (__fini_array_start, .)
 *(SORT(.fini_array.*))
 *(.fini_array*)
                0x00004b20                PROVIDE (__fini_array_end, .)
                0x00004b20                ___ROM_AT = .

.mtb            0x1ffff000        0x0
                0x1ffff000                . = ALIGN (0x8)
                0x1ffff000                _mtb_start = .
 *(.mtb_buf)
                0x1ffff000                . = ALIGN (0x8)
                0x1ffff000                _mtb_end = .

.data           0x1ffff000      0x488 load address 0x00004b20
                0x1ffff000                . = ALIGN (0x4)
                0x1ffff000                _sdata = .
 *(.data)
 *(.data*)
 .data.iic1     0x1ffff000       0x48 ./Sources/libohiboard/source/i2cbis.o
                0x1ffff000                iic1
 .data.IIC1     0x1ffff048        0x4 ./Sources/libohiboard/source/i2cbis.o
                0x1ffff048                IIC1
 .data.sclDivTab
                0x1ffff04c       0x80 ./Sources/libohiboard/source/i2cbis.o
                0x1ffff04c                sclDivTab
 .data.Gpio_availablePins
                0x1ffff0cc       0x84 ./Sources/libohiboard/source/gpio.o
 .data.ftm0     0x1ffff150       0xa4 ./Sources/libohiboard/source/ftm.o
 .data.FTM0     0x1ffff1f4        0x4 ./Sources/libohiboard/source/ftm.o
                0x1ffff1f4                FTM0
 .data.ftm1     0x1ffff1f8       0xa4 ./Sources/libohiboard/source/ftm.o
 .data.FTM1     0x1ffff29c        0x4 ./Sources/libohiboard/source/ftm.o
                0x1ffff29c                FTM1
 .data.ftm2     0x1ffff2a0       0xa4 ./Sources/libohiboard/source/ftm.o
 .data.FTM2     0x1ffff344        0x4 ./Sources/libohiboard/source/ftm.o
                0x1ffff344                FTM2
 .data.adc0     0x1ffff348       0xb0 ./Sources/libohiboard/source/adc.o
 .data.ADC0     0x1ffff3f8        0x4 ./Sources/libohiboard/source/adc.o
                0x1ffff3f8                ADC0
 .data.OhiGrove_highFrequency
                0x1ffff3fc       0x24 ./Sources/libohigrove/ohigrove.o
 .data.OhiGrove_lowFrequency
                0x1ffff420       0x24 ./Sources/libohigrove/ohigrove.o
 .data.OhiGrove_baseTimer
                0x1ffff444       0x24 ./Sources/libohigrove/ohigrove.o
 .data.configuration
                0x1ffff468       0x14 ./Sources/main.o
                0x1ffff468                configuration
 .data.connector_iic
                0x1ffff47c        0x8 ./Sources/main.o
                0x1ffff47c                connector_iic
 .data.connector_IIC
                0x1ffff484        0x4 ./Sources/main.o
                0x1ffff484                connector_IIC
                0x1ffff488                . = ALIGN (0x4)
                0x1ffff488                _edata = .
                0x00000488                ___data_size = (_edata - _sdata)

.igot.plt       0x1ffff488        0x0 load address 0x00004fa8
 .igot.plt      0x00000000        0x0 ./Project_Settings/Startup_Code/kinetis_sysinit.o
                0x1ffff488                . = ALIGN (0x4)

.bss            0x1ffff488       0x44 load address 0x00004fa8
                0x1ffff488                __START_BSS = .
                0x1ffff488                PROVIDE (__bss_start__, __START_BSS)
 *(.bss)
 *(.bss*)
 .bss.argv      0x1ffff488        0x4 ./Project_Settings/Startup_Code/__arm_start.o
 .bss.Iic_firstRead
                0x1ffff48c        0x1 ./Sources/libohiboard/source/i2cbis.o
 *fill*         0x1ffff48d        0x3 00
 .bss.OhiGrove_milliseconds
                0x1ffff490        0x4 ./Sources/libohigrove/ohigrove.o
 .bss.Gyro_txmessage
                0x1ffff494        0xc ./Sources/libohigrove/digital-gyro.o
 .bss.Gyro_rxmessage
                0x1ffff4a0        0xc ./Sources/libohigrove/digital-gyro.o
 .bss.__stdio_exit
                0x1ffff4ac        0x4 C:/Freescale/CW MCU v10.6/MCU/ARM_GCC_Support/ewl/lib/armv6-m\libc.a(exit.o)
                0x1ffff4ac                __stdio_exit
 .bss.__console_exit
                0x1ffff4b0        0x4 C:/Freescale/CW MCU v10.6/MCU/ARM_GCC_Support/ewl/lib/armv6-m\libc.a(exit.o)
                0x1ffff4b0                __console_exit
 .bss.__S_romp  0x1ffff4b4        0xc C:/Freescale/CW MCU v10.6/MCU/ARM_GCC_Support/ewl/lib/armv6-m\librt.a(ROMCopy.o)
 .bss.__global_destructor_chain
                0x1ffff4c0        0x4 C:/Freescale/CW MCU v10.6/MCU/ARM_GCC_Support/ewl/lib/armv6-m\librt.a(__arm_eabi_init.o)
                0x1ffff4c0                __global_destructor_chain
 *(COMMON)
 COMMON         0x1ffff4c4        0x6 ./Sources/libohigrove/digital-gyro.o
                0x1ffff4c4                z_offset
                0x1ffff4c6                y_offset
                0x1ffff4c8                x_offset
                0x1ffff4cc                . = ALIGN (0x4)
 *fill*         0x1ffff4ca        0x2 00
                0x1ffff4cc                __END_BSS = .
                0x1ffff4cc                PROVIDE (__bss_end__, __END_BSS)
                0x00004fa8                _romp_at = (___ROM_AT + SIZEOF (.data))

.romp           0x1ffff4cc       0x18 load address 0x00004fa8
                0x00004fa8                __S_romp = _romp_at
                0x1ffff4cc        0x4 LONG 0x4b20 ___ROM_AT
                0x1ffff4d0        0x4 LONG 0x1ffff000 _sdata
                0x1ffff4d4        0x4 LONG 0x488 ___data_size
                0x1ffff4d8        0x4 LONG 0x0
                0x1ffff4dc        0x4 LONG 0x0
                0x1ffff4e0        0x4 LONG 0x0

._user_heap_stack
                0x1ffff4e4      0x800 load address 0x00004fc0
                0x1ffff4e4                . = ALIGN (0x4)
                0x1ffff4e4                PROVIDE (end, .)
                0x1ffff4e4                PROVIDE (_end, .)
                0x1ffff4e4                __heap_addr = .
                0x1ffff8e4                . = (. + __heap_size)
 *fill*         0x1ffff4e4      0x400 00
                0x1ffffce4                . = (. + __stack_size)
 *fill*         0x1ffff8e4      0x400 00
                0x1ffffce4                . = ALIGN (0x4)

.ARM.attributes
                0x00000000       0x31
 *(.ARM.attributes)
 .ARM.attributes
                0x00000000       0x31 ./Project_Settings/Startup_Code/kinetis_sysinit.o
 .ARM.attributes
                0x00000031       0x31 ./Project_Settings/Startup_Code/__arm_start.o
 .ARM.attributes
                0x00000062       0x31 ./Project_Settings/Startup_Code/__arm_end.o
 .ARM.attributes
                0x00000093       0x31 ./Sources/libohiboard/source/system.o
 .ARM.attributes
                0x000000c4       0x31 ./Sources/libohiboard/source/interrupt.o
 .ARM.attributes
                0x000000f5       0x31 ./Sources/libohiboard/source/i2cbis.o
 .ARM.attributes
                0x00000126       0x31 ./Sources/libohiboard/source/gpio.o
 .ARM.attributes
                0x00000157       0x31 ./Sources/libohiboard/source/ftm.o
 .ARM.attributes
                0x00000188       0x31 ./Sources/libohiboard/source/errors.o
 .ARM.attributes
                0x000001b9       0x31 ./Sources/libohiboard/source/clock.o
 .ARM.attributes
                0x000001ea       0x31 ./Sources/libohiboard/source/adc.o
 .ARM.attributes
                0x0000021b       0x31 ./Sources/libohigrove/ohigrove.o
 .ARM.attributes
                0x0000024c       0x31 ./Sources/libohigrove/digital-gyro.o
 .ARM.attributes
                0x0000027d       0x31 ./Sources/main.o
 .ARM.attributes
                0x000002ae       0x31 C:/Freescale/CW MCU v10.6/MCU/ARM_GCC_Support/ewl/lib/armv6-m\libc.a(exit.o)
 .ARM.attributes
                0x000002df       0x31 C:/Freescale/CW MCU v10.6/MCU/ARM_GCC_Support/ewl/lib/armv6-m\libc.a(memset.o)
 .ARM.attributes
                0x00000310       0x31 C:/Freescale/CW MCU v10.6/MCU/ARM_GCC_Support/ewl/lib/armv6-m\libc.a(printformat_.o)
 .ARM.attributes
                0x00000341       0x31 C:/Freescale/CW MCU v10.6/MCU/ARM_GCC_Support/ewl/lib/armv6-m\libc.a(scanformat_.o)
 .ARM.attributes
                0x00000372       0x31 C:/Freescale/CW MCU v10.6/MCU/ARM_GCC_Support/ewl/lib/armv6-m\libc.a(ctype_aeabi.o)
 .ARM.attributes
                0x000003a3       0x31 C:/Freescale/CW MCU v10.6/MCU/ARM_GCC_Support/ewl/lib/armv6-m\libc.a(__strtoul.o)
 .ARM.attributes
                0x000003d4       0x31 C:/Freescale/CW MCU v10.6/MCU/ARM_GCC_Support/ewl/lib/armv6-m\libc.a(__filll_mem.o)
 .ARM.attributes
                0x00000405       0x31 C:/Freescale/CW MCU v10.6/MCU/ARM_GCC_Support/ewl/lib/armv6-m\libc.a(memchr.o)
 .ARM.attributes
                0x00000436       0x31 C:/Freescale/CW MCU v10.6/MCU/ARM_GCC_Support/ewl/lib/armv6-m\libc.a(memcpy.o)
 .ARM.attributes
                0x00000467       0x31 C:/Freescale/CW MCU v10.6/MCU/ARM_GCC_Support/ewl/lib/armv6-m\libc.a(strchr.o)
 .ARM.attributes
                0x00000498       0x31 C:/Freescale/CW MCU v10.6/MCU/ARM_GCC_Support/ewl/lib/armv6-m\libc.a(strlen.o)
 .ARM.attributes
                0x000004c9       0x1e c:/freescale/cw mcu v10.6/cross_tools/arm-none-eabi-gcc-4_7_3/bin/../lib/gcc/arm-none-eabi/4.7.3/armv6-m\libgcc.a(_thumb1_case_sqi.o)
 .ARM.attributes
                0x000004e7       0x1e c:/freescale/cw mcu v10.6/cross_tools/arm-none-eabi-gcc-4_7_3/bin/../lib/gcc/arm-none-eabi/4.7.3/armv6-m\libgcc.a(_thumb1_case_uqi.o)
 .ARM.attributes
                0x00000505       0x1e c:/freescale/cw mcu v10.6/cross_tools/arm-none-eabi-gcc-4_7_3/bin/../lib/gcc/arm-none-eabi/4.7.3/armv6-m\libgcc.a(_udivsi3.o)
 .ARM.attributes
                0x00000523       0x1e c:/freescale/cw mcu v10.6/cross_tools/arm-none-eabi-gcc-4_7_3/bin/../lib/gcc/arm-none-eabi/4.7.3/armv6-m\libgcc.a(_divsi3.o)
 .ARM.attributes
                0x00000541       0x1e c:/freescale/cw mcu v10.6/cross_tools/arm-none-eabi-gcc-4_7_3/bin/../lib/gcc/arm-none-eabi/4.7.3/armv6-m\libgcc.a(_dvmd_tls.o)
 .ARM.attributes
                0x0000055f       0x2c c:/freescale/cw mcu v10.6/cross_tools/arm-none-eabi-gcc-4_7_3/bin/../lib/gcc/arm-none-eabi/4.7.3/armv6-m\libgcc.a(addsf3.o)
 .ARM.attributes
                0x0000058b       0x2c c:/freescale/cw mcu v10.6/cross_tools/arm-none-eabi-gcc-4_7_3/bin/../lib/gcc/arm-none-eabi/4.7.3/armv6-m\libgcc.a(divsf3.o)
 .ARM.attributes
                0x000005b7       0x2c c:/freescale/cw mcu v10.6/cross_tools/arm-none-eabi-gcc-4_7_3/bin/../lib/gcc/arm-none-eabi/4.7.3/armv6-m\libgcc.a(floatsisf.o)
 .ARM.attributes
                0x000005e3       0x2c c:/freescale/cw mcu v10.6/cross_tools/arm-none-eabi-gcc-4_7_3/bin/../lib/gcc/arm-none-eabi/4.7.3/armv6-m\libgcc.a(divdf3.o)
 .ARM.attributes
                0x0000060f       0x2c c:/freescale/cw mcu v10.6/cross_tools/arm-none-eabi-gcc-4_7_3/bin/../lib/gcc/arm-none-eabi/4.7.3/armv6-m\libgcc.a(floatsidf.o)
 .ARM.attributes
                0x0000063b       0x2c c:/freescale/cw mcu v10.6/cross_tools/arm-none-eabi-gcc-4_7_3/bin/../lib/gcc/arm-none-eabi/4.7.3/armv6-m\libgcc.a(truncdfsf2.o)
 .ARM.attributes
                0x00000667       0x1e c:/freescale/cw mcu v10.6/cross_tools/arm-none-eabi-gcc-4_7_3/bin/../lib/gcc/arm-none-eabi/4.7.3/armv6-m\libgcc.a(_clzsi2.o)
 .ARM.attributes
                0x00000685       0x31 C:/Freescale/CW MCU v10.6/MCU/ARM_GCC_Support/ewl/lib/armv6-m\librt.a(gcc_ctor_dtor.o)
 .ARM.attributes
                0x000006b6       0x31 C:/Freescale/CW MCU v10.6/MCU/ARM_GCC_Support/ewl/lib/armv6-m\librt.a(ROMCopy.o)
 .ARM.attributes
                0x000006e7       0x31 C:/Freescale/CW MCU v10.6/MCU/ARM_GCC_Support/ewl/lib/armv6-m\librt.a(__arm_eabi_init.o)
OUTPUT(freescale.elf elf32-littlearm)

.debug_info     0x00000000     0x6f5f
 .debug_info    0x00000000      0x447 ./Project_Settings/Startup_Code/kinetis_sysinit.o
 .debug_info    0x00000447      0x12a ./Project_Settings/Startup_Code/__arm_start.o
 .debug_info    0x00000571       0x54 ./Project_Settings/Startup_Code/__arm_end.o
 .debug_info    0x000005c5      0x4ed ./Sources/libohiboard/source/system.o
 .debug_info    0x00000ab2      0x338 ./Sources/libohiboard/source/interrupt.o
 .debug_info    0x00000dea      0xd50 ./Sources/libohiboard/source/i2cbis.o
 .debug_info    0x00001b3a      0x84e ./Sources/libohiboard/source/gpio.o
 .debug_info    0x00002388      0xc4f ./Sources/libohiboard/source/ftm.o
 .debug_info    0x00002fd7       0x76 ./Sources/libohiboard/source/errors.o
 .debug_info    0x0000304d       0xbc ./Sources/libohiboard/source/clock.o
 .debug_info    0x00003109      0x9c5 ./Sources/libohiboard/source/adc.o
 .debug_info    0x00003ace      0xcf3 ./Sources/libohigrove/ohigrove.o
 .debug_info    0x000047c1      0x70a ./Sources/libohigrove/digital-gyro.o
 .debug_info    0x00004ecb      0x47c ./Sources/main.o
 .debug_info    0x00005347       0xe8 C:/Freescale/CW MCU v10.6/MCU/ARM_GCC_Support/ewl/lib/armv6-m\libc.a(exit.o)
 .debug_info    0x0000542f       0xec C:/Freescale/CW MCU v10.6/MCU/ARM_GCC_Support/ewl/lib/armv6-m\libc.a(memset.o)
 .debug_info    0x0000551b      0x50d C:/Freescale/CW MCU v10.6/MCU/ARM_GCC_Support/ewl/lib/armv6-m\libc.a(printformat_.o)
 .debug_info    0x00005a28      0x568 C:/Freescale/CW MCU v10.6/MCU/ARM_GCC_Support/ewl/lib/armv6-m\libc.a(scanformat_.o)
 .debug_info    0x00005f90      0x313 C:/Freescale/CW MCU v10.6/MCU/ARM_GCC_Support/ewl/lib/armv6-m\libc.a(ctype_aeabi.o)
 .debug_info    0x000062a3      0x1d6 C:/Freescale/CW MCU v10.6/MCU/ARM_GCC_Support/ewl/lib/armv6-m\libc.a(__strtoul.o)
 .debug_info    0x00006479      0x137 C:/Freescale/CW MCU v10.6/MCU/ARM_GCC_Support/ewl/lib/armv6-m\libc.a(__filll_mem.o)
 .debug_info    0x000065b0      0x121 C:/Freescale/CW MCU v10.6/MCU/ARM_GCC_Support/ewl/lib/armv6-m\libc.a(memchr.o)
 .debug_info    0x000066d1      0x10f C:/Freescale/CW MCU v10.6/MCU/ARM_GCC_Support/ewl/lib/armv6-m\libc.a(memcpy.o)
 .debug_info    0x000067e0      0x10b C:/Freescale/CW MCU v10.6/MCU/ARM_GCC_Support/ewl/lib/armv6-m\libc.a(strchr.o)
 .debug_info    0x000068eb       0xea C:/Freescale/CW MCU v10.6/MCU/ARM_GCC_Support/ewl/lib/armv6-m\libc.a(strlen.o)
 .debug_info    0x000069d5      0x136 C:/Freescale/CW MCU v10.6/MCU/ARM_GCC_Support/ewl/lib/armv6-m\librt.a(gcc_ctor_dtor.o)
 .debug_info    0x00006b0b      0x19b C:/Freescale/CW MCU v10.6/MCU/ARM_GCC_Support/ewl/lib/armv6-m\librt.a(ROMCopy.o)
 .debug_info    0x00006ca6      0x2b9 C:/Freescale/CW MCU v10.6/MCU/ARM_GCC_Support/ewl/lib/armv6-m\librt.a(__arm_eabi_init.o)

.debug_abbrev   0x00000000     0x1bf4
 .debug_abbrev  0x00000000       0xe7 ./Project_Settings/Startup_Code/kinetis_sysinit.o
 .debug_abbrev  0x000000e7       0x92 ./Project_Settings/Startup_Code/__arm_start.o
 .debug_abbrev  0x00000179       0x4c ./Project_Settings/Startup_Code/__arm_end.o
 .debug_abbrev  0x000001c5       0xfe ./Sources/libohiboard/source/system.o
 .debug_abbrev  0x000002c3       0xfe ./Sources/libohiboard/source/interrupt.o
 .debug_abbrev  0x000003c1      0x1e4 ./Sources/libohiboard/source/i2cbis.o
 .debug_abbrev  0x000005a5      0x1ac ./Sources/libohiboard/source/gpio.o
 .debug_abbrev  0x00000751      0x1f9 ./Sources/libohiboard/source/ftm.o
 .debug_abbrev  0x0000094a       0x5e ./Sources/libohiboard/source/errors.o
 .debug_abbrev  0x000009a8       0x71 ./Sources/libohiboard/source/clock.o
 .debug_abbrev  0x00000a19      0x1a0 ./Sources/libohiboard/source/adc.o
 .debug_abbrev  0x00000bb9      0x19c ./Sources/libohigrove/ohigrove.o
 .debug_abbrev  0x00000d55      0x16d ./Sources/libohigrove/digital-gyro.o
 .debug_abbrev  0x00000ec2      0x104 ./Sources/main.o
 .debug_abbrev  0x00000fc6       0x7a C:/Freescale/CW MCU v10.6/MCU/ARM_GCC_Support/ewl/lib/armv6-m\libc.a(exit.o)
 .debug_abbrev  0x00001040       0x62 C:/Freescale/CW MCU v10.6/MCU/ARM_GCC_Support/ewl/lib/armv6-m\libc.a(memset.o)
 .debug_abbrev  0x000010a2      0x200 C:/Freescale/CW MCU v10.6/MCU/ARM_GCC_Support/ewl/lib/armv6-m\libc.a(printformat_.o)
 .debug_abbrev  0x000012a2      0x1f0 C:/Freescale/CW MCU v10.6/MCU/ARM_GCC_Support/ewl/lib/armv6-m\libc.a(scanformat_.o)
 .debug_abbrev  0x00001492       0x9e C:/Freescale/CW MCU v10.6/MCU/ARM_GCC_Support/ewl/lib/armv6-m\libc.a(ctype_aeabi.o)
 .debug_abbrev  0x00001530       0xc2 C:/Freescale/CW MCU v10.6/MCU/ARM_GCC_Support/ewl/lib/armv6-m\libc.a(__strtoul.o)
 .debug_abbrev  0x000015f2       0x78 C:/Freescale/CW MCU v10.6/MCU/ARM_GCC_Support/ewl/lib/armv6-m\libc.a(__filll_mem.o)
 .debug_abbrev  0x0000166a       0x95 C:/Freescale/CW MCU v10.6/MCU/ARM_GCC_Support/ewl/lib/armv6-m\libc.a(memchr.o)
 .debug_abbrev  0x000016ff       0x95 C:/Freescale/CW MCU v10.6/MCU/ARM_GCC_Support/ewl/lib/armv6-m\libc.a(memcpy.o)
 .debug_abbrev  0x00001794       0x7a C:/Freescale/CW MCU v10.6/MCU/ARM_GCC_Support/ewl/lib/armv6-m\libc.a(strchr.o)
 .debug_abbrev  0x0000180e       0x7a C:/Freescale/CW MCU v10.6/MCU/ARM_GCC_Support/ewl/lib/armv6-m\libc.a(strlen.o)
 .debug_abbrev  0x00001888       0x99 C:/Freescale/CW MCU v10.6/MCU/ARM_GCC_Support/ewl/lib/armv6-m\librt.a(gcc_ctor_dtor.o)
 .debug_abbrev  0x00001921      0x120 C:/Freescale/CW MCU v10.6/MCU/ARM_GCC_Support/ewl/lib/armv6-m\librt.a(ROMCopy.o)
 .debug_abbrev  0x00001a41      0x1b3 C:/Freescale/CW MCU v10.6/MCU/ARM_GCC_Support/ewl/lib/armv6-m\librt.a(__arm_eabi_init.o)

.debug_loc      0x00000000     0x3613
 .debug_loc     0x00000000       0x58 ./Project_Settings/Startup_Code/kinetis_sysinit.o
 .debug_loc     0x00000058       0x2c ./Project_Settings/Startup_Code/__arm_start.o
 .debug_loc     0x00000084       0x38 ./Project_Settings/Startup_Code/__arm_end.o
 .debug_loc     0x000000bc       0x64 ./Sources/libohiboard/source/system.o
 .debug_loc     0x00000120       0x70 ./Sources/libohiboard/source/interrupt.o
 .debug_loc     0x00000190      0x3f0 ./Sources/libohiboard/source/i2cbis.o
 .debug_loc     0x00000580      0x150 ./Sources/libohiboard/source/gpio.o
 .debug_loc     0x000006d0      0x20c ./Sources/libohiboard/source/ftm.o
 .debug_loc     0x000008dc       0x38 ./Sources/libohiboard/source/errors.o
 .debug_loc     0x00000914       0x38 ./Sources/libohiboard/source/clock.o
 .debug_loc     0x0000094c      0x118 ./Sources/libohiboard/source/adc.o
 .debug_loc     0x00000a64      0x2cc ./Sources/libohigrove/ohigrove.o
 .debug_loc     0x00000d30      0x1c0 ./Sources/libohigrove/digital-gyro.o
 .debug_loc     0x00000ef0       0x38 ./Sources/main.o
 .debug_loc     0x00000f28       0x3e C:/Freescale/CW MCU v10.6/MCU/ARM_GCC_Support/ewl/lib/armv6-m\libc.a(exit.o)
 .debug_loc     0x00000f66       0x6f C:/Freescale/CW MCU v10.6/MCU/ARM_GCC_Support/ewl/lib/armv6-m\libc.a(memset.o)
 .debug_loc     0x00000fd5     0x104b C:/Freescale/CW MCU v10.6/MCU/ARM_GCC_Support/ewl/lib/armv6-m\libc.a(printformat_.o)
 .debug_loc     0x00002020      0x9d8 C:/Freescale/CW MCU v10.6/MCU/ARM_GCC_Support/ewl/lib/armv6-m\libc.a(scanformat_.o)
 .debug_loc     0x000029f8      0x30d C:/Freescale/CW MCU v10.6/MCU/ARM_GCC_Support/ewl/lib/armv6-m\libc.a(ctype_aeabi.o)
 .debug_loc     0x00002d05      0x305 C:/Freescale/CW MCU v10.6/MCU/ARM_GCC_Support/ewl/lib/armv6-m\libc.a(__strtoul.o)
 .debug_loc     0x0000300a      0x14a C:/Freescale/CW MCU v10.6/MCU/ARM_GCC_Support/ewl/lib/armv6-m\libc.a(__filll_mem.o)
 .debug_loc     0x00003154       0x77 C:/Freescale/CW MCU v10.6/MCU/ARM_GCC_Support/ewl/lib/armv6-m\libc.a(memchr.o)
 .debug_loc     0x000031cb       0x59 C:/Freescale/CW MCU v10.6/MCU/ARM_GCC_Support/ewl/lib/armv6-m\libc.a(memcpy.o)
 .debug_loc     0x00003224       0xaf C:/Freescale/CW MCU v10.6/MCU/ARM_GCC_Support/ewl/lib/armv6-m\libc.a(strchr.o)
 .debug_loc     0x000032d3       0x33 C:/Freescale/CW MCU v10.6/MCU/ARM_GCC_Support/ewl/lib/armv6-m\libc.a(strlen.o)
 .debug_loc     0x00003306       0x9d C:/Freescale/CW MCU v10.6/MCU/ARM_GCC_Support/ewl/lib/armv6-m\librt.a(gcc_ctor_dtor.o)
 .debug_loc     0x000033a3       0xd9 C:/Freescale/CW MCU v10.6/MCU/ARM_GCC_Support/ewl/lib/armv6-m\librt.a(ROMCopy.o)
 .debug_loc     0x0000347c      0x197 C:/Freescale/CW MCU v10.6/MCU/ARM_GCC_Support/ewl/lib/armv6-m\librt.a(__arm_eabi_init.o)

.debug_aranges  0x00000000      0x618
 .debug_aranges
                0x00000000       0x28 ./Project_Settings/Startup_Code/kinetis_sysinit.o
 .debug_aranges
                0x00000028       0x30 ./Project_Settings/Startup_Code/__arm_start.o
 .debug_aranges
                0x00000058       0x20 ./Project_Settings/Startup_Code/__arm_end.o
 .debug_aranges
                0x00000078       0x28 ./Sources/libohiboard/source/system.o
 .debug_aranges
                0x000000a0       0x28 ./Sources/libohiboard/source/interrupt.o
 .debug_aranges
                0x000000c8       0xa8 ./Sources/libohiboard/source/i2cbis.o
 .debug_aranges
                0x00000170       0x48 ./Sources/libohiboard/source/gpio.o
 .debug_aranges
                0x000001b8       0x68 ./Sources/libohiboard/source/ftm.o
 .debug_aranges
                0x00000220       0x20 ./Sources/libohiboard/source/errors.o
 .debug_aranges
                0x00000240       0x20 ./Sources/libohiboard/source/clock.o
 .debug_aranges
                0x00000260       0x40 ./Sources/libohiboard/source/adc.o
 .debug_aranges
                0x000002a0       0x80 ./Sources/libohigrove/ohigrove.o
 .debug_aranges
                0x00000320       0x58 ./Sources/libohigrove/digital-gyro.o
 .debug_aranges
                0x00000378       0x20 ./Sources/main.o
 .debug_aranges
                0x00000398       0x20 C:/Freescale/CW MCU v10.6/MCU/ARM_GCC_Support/ewl/lib/armv6-m\libc.a(exit.o)
 .debug_aranges
                0x000003b8       0x20 C:/Freescale/CW MCU v10.6/MCU/ARM_GCC_Support/ewl/lib/armv6-m\libc.a(memset.o)
 .debug_aranges
                0x000003d8       0x28 C:/Freescale/CW MCU v10.6/MCU/ARM_GCC_Support/ewl/lib/armv6-m\libc.a(printformat_.o)
 .debug_aranges
                0x00000400       0x20 C:/Freescale/CW MCU v10.6/MCU/ARM_GCC_Support/ewl/lib/armv6-m\libc.a(scanformat_.o)
 .debug_aranges
                0x00000420       0x88 C:/Freescale/CW MCU v10.6/MCU/ARM_GCC_Support/ewl/lib/armv6-m\libc.a(ctype_aeabi.o)
 .debug_aranges
                0x000004a8       0x20 C:/Freescale/CW MCU v10.6/MCU/ARM_GCC_Support/ewl/lib/armv6-m\libc.a(__strtoul.o)
 .debug_aranges
                0x000004c8       0x20 C:/Freescale/CW MCU v10.6/MCU/ARM_GCC_Support/ewl/lib/armv6-m\libc.a(__filll_mem.o)
 .debug_aranges
                0x000004e8       0x20 C:/Freescale/CW MCU v10.6/MCU/ARM_GCC_Support/ewl/lib/armv6-m\libc.a(memchr.o)
 .debug_aranges
                0x00000508       0x20 C:/Freescale/CW MCU v10.6/MCU/ARM_GCC_Support/ewl/lib/armv6-m\libc.a(memcpy.o)
 .debug_aranges
                0x00000528       0x20 C:/Freescale/CW MCU v10.6/MCU/ARM_GCC_Support/ewl/lib/armv6-m\libc.a(strchr.o)
 .debug_aranges
                0x00000548       0x20 C:/Freescale/CW MCU v10.6/MCU/ARM_GCC_Support/ewl/lib/armv6-m\libc.a(strlen.o)
 .debug_aranges
                0x00000568       0x28 C:/Freescale/CW MCU v10.6/MCU/ARM_GCC_Support/ewl/lib/armv6-m\librt.a(gcc_ctor_dtor.o)
 .debug_aranges
                0x00000590       0x30 C:/Freescale/CW MCU v10.6/MCU/ARM_GCC_Support/ewl/lib/armv6-m\librt.a(ROMCopy.o)
 .debug_aranges
                0x000005c0       0x58 C:/Freescale/CW MCU v10.6/MCU/ARM_GCC_Support/ewl/lib/armv6-m\librt.a(__arm_eabi_init.o)

.debug_macinfo  0x00000000   0x1b4f6b
 .debug_macinfo
                0x00000000    0x26504 ./Project_Settings/Startup_Code/kinetis_sysinit.o
 .debug_macinfo
                0x00026504     0x3e81 ./Project_Settings/Startup_Code/__arm_start.o
 .debug_macinfo
                0x0002a385     0x346a ./Project_Settings/Startup_Code/__arm_end.o
 .debug_macinfo
                0x0002d7ef    0x26a89 ./Sources/libohiboard/source/system.o
 .debug_macinfo
                0x00054278    0x26ae8 ./Sources/libohiboard/source/interrupt.o
 .debug_macinfo
                0x0007ad60    0x26b84 ./Sources/libohiboard/source/i2cbis.o
 .debug_macinfo
                0x000a18e4    0x26ba4 ./Sources/libohiboard/source/gpio.o
 .debug_macinfo
                0x000c8488    0x26b49 ./Sources/libohiboard/source/ftm.o
 .debug_macinfo
                0x000eefd1     0x2a09 ./Sources/libohiboard/source/errors.o
 .debug_macinfo
                0x000f19da    0x26a6f ./Sources/libohiboard/source/clock.o
 .debug_macinfo
                0x00118449    0x26ad7 ./Sources/libohiboard/source/adc.o
 .debug_macinfo
                0x0013ef20    0x2748b ./Sources/libohigrove/ohigrove.o
 .debug_macinfo
                0x001663ab    0x27575 ./Sources/libohigrove/digital-gyro.o
 .debug_macinfo
                0x0018d920    0x2764b ./Sources/main.o

.debug_line     0x00000000     0x3e33
 .debug_line    0x00000000      0x229 ./Project_Settings/Startup_Code/kinetis_sysinit.o
 .debug_line    0x00000229      0x2ac ./Project_Settings/Startup_Code/__arm_start.o
 .debug_line    0x000004d5      0x266 ./Project_Settings/Startup_Code/__arm_end.o
 .debug_line    0x0000073b      0x2ae ./Sources/libohiboard/source/system.o
 .debug_line    0x000009e9      0x2a9 ./Sources/libohiboard/source/interrupt.o
 .debug_line    0x00000c92      0x49b ./Sources/libohiboard/source/i2cbis.o
 .debug_line    0x0000112d      0x31a ./Sources/libohiboard/source/gpio.o
 .debug_line    0x00001447      0x3ec ./Sources/libohiboard/source/ftm.o
 .debug_line    0x00001833      0x131 ./Sources/libohiboard/source/errors.o
 .debug_line    0x00001964      0x284 ./Sources/libohiboard/source/clock.o
 .debug_line    0x00001be8      0x317 ./Sources/libohiboard/source/adc.o
 .debug_line    0x00001eff      0x6a9 ./Sources/libohigrove/ohigrove.o
 .debug_line    0x000025a8      0x4ed ./Sources/libohigrove/digital-gyro.o
 .debug_line    0x00002a95      0x4c2 ./Sources/main.o
 .debug_line    0x00002f57       0x8d C:/Freescale/CW MCU v10.6/MCU/ARM_GCC_Support/ewl/lib/armv6-m\libc.a(exit.o)
 .debug_line    0x00002fe4       0x90 C:/Freescale/CW MCU v10.6/MCU/ARM_GCC_Support/ewl/lib/armv6-m\libc.a(memset.o)
 .debug_line    0x00003074      0x2c3 C:/Freescale/CW MCU v10.6/MCU/ARM_GCC_Support/ewl/lib/armv6-m\libc.a(printformat_.o)
 .debug_line    0x00003337      0x2be C:/Freescale/CW MCU v10.6/MCU/ARM_GCC_Support/ewl/lib/armv6-m\libc.a(scanformat_.o)
 .debug_line    0x000035f5      0x1be C:/Freescale/CW MCU v10.6/MCU/ARM_GCC_Support/ewl/lib/armv6-m\libc.a(ctype_aeabi.o)
 .debug_line    0x000037b3      0x11e C:/Freescale/CW MCU v10.6/MCU/ARM_GCC_Support/ewl/lib/armv6-m\libc.a(__strtoul.o)
 .debug_line    0x000038d1       0xf6 C:/Freescale/CW MCU v10.6/MCU/ARM_GCC_Support/ewl/lib/armv6-m\libc.a(__filll_mem.o)
 .debug_line    0x000039c7       0x9f C:/Freescale/CW MCU v10.6/MCU/ARM_GCC_Support/ewl/lib/armv6-m\libc.a(memchr.o)
 .debug_line    0x00003a66       0x8b C:/Freescale/CW MCU v10.6/MCU/ARM_GCC_Support/ewl/lib/armv6-m\libc.a(memcpy.o)
 .debug_line    0x00003af1       0x7d C:/Freescale/CW MCU v10.6/MCU/ARM_GCC_Support/ewl/lib/armv6-m\libc.a(strchr.o)
 .debug_line    0x00003b6e       0x85 C:/Freescale/CW MCU v10.6/MCU/ARM_GCC_Support/ewl/lib/armv6-m\libc.a(strlen.o)
 .debug_line    0x00003bf3       0x6c C:/Freescale/CW MCU v10.6/MCU/ARM_GCC_Support/ewl/lib/armv6-m\librt.a(gcc_ctor_dtor.o)
 .debug_line    0x00003c5f       0xbd C:/Freescale/CW MCU v10.6/MCU/ARM_GCC_Support/ewl/lib/armv6-m\librt.a(ROMCopy.o)
 .debug_line    0x00003d1c      0x117 C:/Freescale/CW MCU v10.6/MCU/ARM_GCC_Support/ewl/lib/armv6-m\librt.a(__arm_eabi_init.o)

.debug_str      0x00000000     0x2d3e
 .debug_str     0x00000000      0x2aa ./Project_Settings/Startup_Code/kinetis_sysinit.o
                                0x2d1 (size before relaxing)
 .debug_str     0x000002aa       0x85 ./Project_Settings/Startup_Code/__arm_start.o
                                0x1ab (size before relaxing)
 .debug_str     0x0000032f       0x6b ./Project_Settings/Startup_Code/__arm_end.o
                                 0xca (size before relaxing)
 .debug_str     0x0000039a      0x34a ./Sources/libohiboard/source/system.o
                                0x563 (size before relaxing)
 .debug_str     0x000006e4      0x25e ./Sources/libohiboard/source/interrupt.o
                                0x67c (size before relaxing)
 .debug_str     0x00000942      0x494 ./Sources/libohiboard/source/i2cbis.o
                                0x99b (size before relaxing)
 .debug_str     0x00000dd6      0x572 ./Sources/libohiboard/source/gpio.o
                                0xa8d (size before relaxing)
 .debug_str     0x00001348      0x55f ./Sources/libohiboard/source/ftm.o
                                0xc7d (size before relaxing)
 .debug_str     0x000018a7       0x3f ./Sources/libohiboard/source/errors.o
                                 0xd8 (size before relaxing)
 .debug_str     0x000018e6       0x4d ./Sources/libohiboard/source/clock.o
                                0x192 (size before relaxing)
 .debug_str     0x00001933      0x437 ./Sources/libohiboard/source/adc.o
                                0x9a2 (size before relaxing)
 .debug_str     0x00001d6a      0x410 ./Sources/libohigrove/ohigrove.o
                               0x11de (size before relaxing)
 .debug_str     0x0000217a      0x2eb ./Sources/libohigrove/digital-gyro.o
                                0x917 (size before relaxing)
 .debug_str     0x00002465       0x55 ./Sources/main.o
                                0x7cc (size before relaxing)
 .debug_str     0x000024ba       0x54 C:/Freescale/CW MCU v10.6/MCU/ARM_GCC_Support/ewl/lib/armv6-m\libc.a(exit.o)
                                0x157 (size before relaxing)
 .debug_str     0x0000250e       0x23 C:/Freescale/CW MCU v10.6/MCU/ARM_GCC_Support/ewl/lib/armv6-m\libc.a(memset.o)
                                0x140 (size before relaxing)
 .debug_str     0x00002531      0x244 C:/Freescale/CW MCU v10.6/MCU/ARM_GCC_Support/ewl/lib/armv6-m\libc.a(printformat_.o)
                                0x3b3 (size before relaxing)
 .debug_str     0x00002775      0x184 C:/Freescale/CW MCU v10.6/MCU/ARM_GCC_Support/ewl/lib/armv6-m\libc.a(scanformat_.o)
                                0x3f9 (size before relaxing)
 .debug_str     0x000028f9       0x9d C:/Freescale/CW MCU v10.6/MCU/ARM_GCC_Support/ewl/lib/armv6-m\libc.a(ctype_aeabi.o)
                                0x1bc (size before relaxing)
 .debug_str     0x00002996       0x5b C:/Freescale/CW MCU v10.6/MCU/ARM_GCC_Support/ewl/lib/armv6-m\libc.a(__strtoul.o)
                                0x1fb (size before relaxing)
 .debug_str     0x000029f1       0x25 C:/Freescale/CW MCU v10.6/MCU/ARM_GCC_Support/ewl/lib/armv6-m\libc.a(__filll_mem.o)
                                0x152 (size before relaxing)
 .debug_str     0x00002a16       0x1c C:/Freescale/CW MCU v10.6/MCU/ARM_GCC_Support/ewl/lib/armv6-m\libc.a(memchr.o)
                                0x148 (size before relaxing)
 .debug_str     0x00002a32       0x1c C:/Freescale/CW MCU v10.6/MCU/ARM_GCC_Support/ewl/lib/armv6-m\libc.a(memcpy.o)
                                0x138 (size before relaxing)
 .debug_str     0x00002a4e       0x1c C:/Freescale/CW MCU v10.6/MCU/ARM_GCC_Support/ewl/lib/armv6-m\libc.a(strchr.o)
                                0x137 (size before relaxing)
 .debug_str     0x00002a6a       0x1c C:/Freescale/CW MCU v10.6/MCU/ARM_GCC_Support/ewl/lib/armv6-m\libc.a(strlen.o)
                                0x140 (size before relaxing)
 .debug_str     0x00002a86      0x126 C:/Freescale/CW MCU v10.6/MCU/ARM_GCC_Support/ewl/lib/armv6-m\librt.a(gcc_ctor_dtor.o)
                                0x181 (size before relaxing)
 .debug_str     0x00002bac       0x9a C:/Freescale/CW MCU v10.6/MCU/ARM_GCC_Support/ewl/lib/armv6-m\librt.a(ROMCopy.o)
                                0x13c (size before relaxing)
 .debug_str     0x00002c46       0xf8 C:/Freescale/CW MCU v10.6/MCU/ARM_GCC_Support/ewl/lib/armv6-m\librt.a(__arm_eabi_init.o)
                                0x1b5 (size before relaxing)

.comment        0x00000000       0x79
 .comment       0x00000000       0x79 ./Project_Settings/Startup_Code/kinetis_sysinit.o
                                 0x7a (size before relaxing)
 .comment       0x00000000       0x7a ./Project_Settings/Startup_Code/__arm_start.o
 .comment       0x00000000       0x7a ./Project_Settings/Startup_Code/__arm_end.o
 .comment       0x00000000       0x7a ./Sources/libohiboard/source/system.o
 .comment       0x00000000       0x7a ./Sources/libohiboard/source/interrupt.o
 .comment       0x00000000       0x7a ./Sources/libohiboard/source/i2cbis.o
 .comment       0x00000000       0x7a ./Sources/libohiboard/source/gpio.o
 .comment       0x00000000       0x7a ./Sources/libohiboard/source/ftm.o
 .comment       0x00000000       0x7a ./Sources/libohiboard/source/errors.o
 .comment       0x00000000       0x7a ./Sources/libohiboard/source/clock.o
 .comment       0x00000000       0x7a ./Sources/libohiboard/source/adc.o
 .comment       0x00000000       0x7a ./Sources/libohigrove/ohigrove.o
 .comment       0x00000000       0x7a ./Sources/libohigrove/digital-gyro.o
 .comment       0x00000000       0x7a ./Sources/main.o
 .comment       0x00000000       0x7a C:/Freescale/CW MCU v10.6/MCU/ARM_GCC_Support/ewl/lib/armv6-m\libc.a(exit.o)
 .comment       0x00000000       0x7a C:/Freescale/CW MCU v10.6/MCU/ARM_GCC_Support/ewl/lib/armv6-m\libc.a(memset.o)
 .comment       0x00000000       0x7a C:/Freescale/CW MCU v10.6/MCU/ARM_GCC_Support/ewl/lib/armv6-m\libc.a(printformat_.o)
 .comment       0x00000000       0x7a C:/Freescale/CW MCU v10.6/MCU/ARM_GCC_Support/ewl/lib/armv6-m\libc.a(scanformat_.o)
 .comment       0x00000000       0x7a C:/Freescale/CW MCU v10.6/MCU/ARM_GCC_Support/ewl/lib/armv6-m\libc.a(ctype_aeabi.o)
 .comment       0x00000000       0x7a C:/Freescale/CW MCU v10.6/MCU/ARM_GCC_Support/ewl/lib/armv6-m\libc.a(__strtoul.o)
 .comment       0x00000000       0x7a C:/Freescale/CW MCU v10.6/MCU/ARM_GCC_Support/ewl/lib/armv6-m\libc.a(__filll_mem.o)
 .comment       0x00000000       0x7a C:/Freescale/CW MCU v10.6/MCU/ARM_GCC_Support/ewl/lib/armv6-m\libc.a(memchr.o)
 .comment       0x00000000       0x7a C:/Freescale/CW MCU v10.6/MCU/ARM_GCC_Support/ewl/lib/armv6-m\libc.a(memcpy.o)
 .comment       0x00000000       0x7a C:/Freescale/CW MCU v10.6/MCU/ARM_GCC_Support/ewl/lib/armv6-m\libc.a(strchr.o)
 .comment       0x00000000       0x7a C:/Freescale/CW MCU v10.6/MCU/ARM_GCC_Support/ewl/lib/armv6-m\libc.a(strlen.o)
 .comment       0x00000000       0x7a C:/Freescale/CW MCU v10.6/MCU/ARM_GCC_Support/ewl/lib/armv6-m\librt.a(gcc_ctor_dtor.o)
 .comment       0x00000000       0x7a C:/Freescale/CW MCU v10.6/MCU/ARM_GCC_Support/ewl/lib/armv6-m\librt.a(ROMCopy.o)
 .comment       0x00000000       0x7a C:/Freescale/CW MCU v10.6/MCU/ARM_GCC_Support/ewl/lib/armv6-m\librt.a(__arm_eabi_init.o)

.debug_frame    0x00000000      0xfb4
 .debug_frame   0x00000000       0x48 ./Project_Settings/Startup_Code/kinetis_sysinit.o
 .debug_frame   0x00000048       0x4c ./Project_Settings/Startup_Code/__arm_start.o
 .debug_frame   0x00000094       0x30 ./Project_Settings/Startup_Code/__arm_end.o
 .debug_frame   0x000000c4       0x4c ./Sources/libohiboard/source/system.o
 .debug_frame   0x00000110       0x50 ./Sources/libohiboard/source/interrupt.o
 .debug_frame   0x00000160      0x250 ./Sources/libohiboard/source/i2cbis.o
 .debug_frame   0x000003b0       0xd0 ./Sources/libohiboard/source/gpio.o
 .debug_frame   0x00000480      0x144 ./Sources/libohiboard/source/ftm.o
 .debug_frame   0x000005c4       0x30 ./Sources/libohiboard/source/errors.o
 .debug_frame   0x000005f4       0x30 ./Sources/libohiboard/source/clock.o
 .debug_frame   0x00000624       0xb0 ./Sources/libohiboard/source/adc.o
 .debug_frame   0x000006d4      0x1ac ./Sources/libohigrove/ohigrove.o
 .debug_frame   0x00000880      0x110 ./Sources/libohigrove/digital-gyro.o
 .debug_frame   0x00000990       0x30 ./Sources/main.o
 .debug_frame   0x000009c0       0x2c C:/Freescale/CW MCU v10.6/MCU/ARM_GCC_Support/ewl/lib/armv6-m\libc.a(exit.o)
 .debug_frame   0x000009ec       0x28 C:/Freescale/CW MCU v10.6/MCU/ARM_GCC_Support/ewl/lib/armv6-m\libc.a(memset.o)
 .debug_frame   0x00000a14       0x54 C:/Freescale/CW MCU v10.6/MCU/ARM_GCC_Support/ewl/lib/armv6-m\libc.a(printformat_.o)
 .debug_frame   0x00000a68       0x34 C:/Freescale/CW MCU v10.6/MCU/ARM_GCC_Support/ewl/lib/armv6-m\libc.a(scanformat_.o)
 .debug_frame   0x00000a9c      0x158 C:/Freescale/CW MCU v10.6/MCU/ARM_GCC_Support/ewl/lib/armv6-m\libc.a(ctype_aeabi.o)
 .debug_frame   0x00000bf4       0x30 C:/Freescale/CW MCU v10.6/MCU/ARM_GCC_Support/ewl/lib/armv6-m\libc.a(__strtoul.o)
 .debug_frame   0x00000c24       0x2c C:/Freescale/CW MCU v10.6/MCU/ARM_GCC_Support/ewl/lib/armv6-m\libc.a(__filll_mem.o)
 .debug_frame   0x00000c50       0x28 C:/Freescale/CW MCU v10.6/MCU/ARM_GCC_Support/ewl/lib/armv6-m\libc.a(memchr.o)
 .debug_frame   0x00000c78       0x28 C:/Freescale/CW MCU v10.6/MCU/ARM_GCC_Support/ewl/lib/armv6-m\libc.a(memcpy.o)
 .debug_frame   0x00000ca0       0x28 C:/Freescale/CW MCU v10.6/MCU/ARM_GCC_Support/ewl/lib/armv6-m\libc.a(strchr.o)
 .debug_frame   0x00000cc8       0x28 C:/Freescale/CW MCU v10.6/MCU/ARM_GCC_Support/ewl/lib/armv6-m\libc.a(strlen.o)
 .debug_frame   0x00000cf0       0x20 c:/freescale/cw mcu v10.6/cross_tools/arm-none-eabi-gcc-4_7_3/bin/../lib/gcc/arm-none-eabi/4.7.3/armv6-m\libgcc.a(_udivsi3.o)
 .debug_frame   0x00000d10       0x20 c:/freescale/cw mcu v10.6/cross_tools/arm-none-eabi-gcc-4_7_3/bin/../lib/gcc/arm-none-eabi/4.7.3/armv6-m\libgcc.a(_divsi3.o)
 .debug_frame   0x00000d30       0x30 c:/freescale/cw mcu v10.6/cross_tools/arm-none-eabi-gcc-4_7_3/bin/../lib/gcc/arm-none-eabi/4.7.3/armv6-m\libgcc.a(addsf3.o)
 .debug_frame   0x00000d60       0x3c c:/freescale/cw mcu v10.6/cross_tools/arm-none-eabi-gcc-4_7_3/bin/../lib/gcc/arm-none-eabi/4.7.3/armv6-m\libgcc.a(divsf3.o)
 .debug_frame   0x00000d9c       0x2c c:/freescale/cw mcu v10.6/cross_tools/arm-none-eabi-gcc-4_7_3/bin/../lib/gcc/arm-none-eabi/4.7.3/armv6-m\libgcc.a(floatsisf.o)
 .debug_frame   0x00000dc8       0x3c c:/freescale/cw mcu v10.6/cross_tools/arm-none-eabi-gcc-4_7_3/bin/../lib/gcc/arm-none-eabi/4.7.3/armv6-m\libgcc.a(divdf3.o)
 .debug_frame   0x00000e04       0x30 c:/freescale/cw mcu v10.6/cross_tools/arm-none-eabi-gcc-4_7_3/bin/../lib/gcc/arm-none-eabi/4.7.3/armv6-m\libgcc.a(floatsidf.o)
 .debug_frame   0x00000e34       0x30 c:/freescale/cw mcu v10.6/cross_tools/arm-none-eabi-gcc-4_7_3/bin/../lib/gcc/arm-none-eabi/4.7.3/armv6-m\libgcc.a(truncdfsf2.o)
 .debug_frame   0x00000e64       0x40 C:/Freescale/CW MCU v10.6/MCU/ARM_GCC_Support/ewl/lib/armv6-m\librt.a(gcc_ctor_dtor.o)
 .debug_frame   0x00000ea4       0x54 C:/Freescale/CW MCU v10.6/MCU/ARM_GCC_Support/ewl/lib/armv6-m\librt.a(ROMCopy.o)
 .debug_frame   0x00000ef8       0xbc C:/Freescale/CW MCU v10.6/MCU/ARM_GCC_Support/ewl/lib/armv6-m\librt.a(__arm_eabi_init.o)
